Archive member included to satisfy reference by file (symbol)

d:/gcc-arm-none-eabi-10.3-2021.10-win32/gcc-arm-none-eabi-10.3-2021.10/bin/../lib/gcc/arm-none-eabi/10.3.1/thumb/v6-m/nofp\libgcc.a(_udivsi3.o)
                              CMakeFiles/untitled.elf.dir/Drivers/STM32F0xx_HAL_Driver/Src/stm32f0xx_hal.c.obj (__aeabi_uidiv)
d:/gcc-arm-none-eabi-10.3-2021.10-win32/gcc-arm-none-eabi-10.3-2021.10/bin/../lib/gcc/arm-none-eabi/10.3.1/thumb/v6-m/nofp\libgcc.a(_dvmd_tls.o)
                              d:/gcc-arm-none-eabi-10.3-2021.10-win32/gcc-arm-none-eabi-10.3-2021.10/bin/../lib/gcc/arm-none-eabi/10.3.1/thumb/v6-m/nofp\libgcc.a(_udivsi3.o) (__aeabi_idiv0)
d:/gcc-arm-none-eabi-10.3-2021.10-win32/gcc-arm-none-eabi-10.3-2021.10/bin/../lib/gcc/arm-none-eabi/10.3.1/../../../../arm-none-eabi/lib/thumb/v6-m/nofp\libg.a(lib_a-errno.o)
                              CMakeFiles/untitled.elf.dir/Src/syscalls.c.obj (__errno)
d:/gcc-arm-none-eabi-10.3-2021.10-win32/gcc-arm-none-eabi-10.3-2021.10/bin/../lib/gcc/arm-none-eabi/10.3.1/../../../../arm-none-eabi/lib/thumb/v6-m/nofp\libg.a(lib_a-exit.o)
                              d:/gcc-arm-none-eabi-10.3-2021.10-win32/gcc-arm-none-eabi-10.3-2021.10/bin/../lib/gcc/arm-none-eabi/10.3.1/../../../../arm-none-eabi/lib/thumb/v6-m/nofp/crt0.o (exit)
d:/gcc-arm-none-eabi-10.3-2021.10-win32/gcc-arm-none-eabi-10.3-2021.10/bin/../lib/gcc/arm-none-eabi/10.3.1/../../../../arm-none-eabi/lib/thumb/v6-m/nofp\libg.a(lib_a-impure.o)
                              d:/gcc-arm-none-eabi-10.3-2021.10-win32/gcc-arm-none-eabi-10.3-2021.10/bin/../lib/gcc/arm-none-eabi/10.3.1/../../../../arm-none-eabi/lib/thumb/v6-m/nofp\libg.a(lib_a-exit.o) (_global_impure_ptr)
d:/gcc-arm-none-eabi-10.3-2021.10-win32/gcc-arm-none-eabi-10.3-2021.10/bin/../lib/gcc/arm-none-eabi/10.3.1/../../../../arm-none-eabi/lib/thumb/v6-m/nofp\libg.a(lib_a-init.o)
                              d:/gcc-arm-none-eabi-10.3-2021.10-win32/gcc-arm-none-eabi-10.3-2021.10/bin/../lib/gcc/arm-none-eabi/10.3.1/../../../../arm-none-eabi/lib/thumb/v6-m/nofp/crt0.o (__libc_init_array)
d:/gcc-arm-none-eabi-10.3-2021.10-win32/gcc-arm-none-eabi-10.3-2021.10/bin/../lib/gcc/arm-none-eabi/10.3.1/../../../../arm-none-eabi/lib/thumb/v6-m/nofp\libg.a(lib_a-memset.o)
                              d:/gcc-arm-none-eabi-10.3-2021.10-win32/gcc-arm-none-eabi-10.3-2021.10/bin/../lib/gcc/arm-none-eabi/10.3.1/../../../../arm-none-eabi/lib/thumb/v6-m/nofp/crt0.o (memset)
d:/gcc-arm-none-eabi-10.3-2021.10-win32/gcc-arm-none-eabi-10.3-2021.10/bin/../lib/gcc/arm-none-eabi/10.3.1/../../../../arm-none-eabi/lib/thumb/v6-m/nofp\libg.a(lib_a-__call_atexit.o)
                              d:/gcc-arm-none-eabi-10.3-2021.10-win32/gcc-arm-none-eabi-10.3-2021.10/bin/../lib/gcc/arm-none-eabi/10.3.1/../../../../arm-none-eabi/lib/thumb/v6-m/nofp\libg.a(lib_a-exit.o) (__call_exitprocs)
d:/gcc-arm-none-eabi-10.3-2021.10-win32/gcc-arm-none-eabi-10.3-2021.10/bin/../lib/gcc/arm-none-eabi/10.3.1/../../../../arm-none-eabi/lib/thumb/v6-m/nofp\libg.a(lib_a-atexit.o)
                              d:/gcc-arm-none-eabi-10.3-2021.10-win32/gcc-arm-none-eabi-10.3-2021.10/bin/../lib/gcc/arm-none-eabi/10.3.1/../../../../arm-none-eabi/lib/thumb/v6-m/nofp\libg.a(lib_a-__call_atexit.o) (atexit)
d:/gcc-arm-none-eabi-10.3-2021.10-win32/gcc-arm-none-eabi-10.3-2021.10/bin/../lib/gcc/arm-none-eabi/10.3.1/../../../../arm-none-eabi/lib/thumb/v6-m/nofp\libg.a(lib_a-fini.o)
                              d:/gcc-arm-none-eabi-10.3-2021.10-win32/gcc-arm-none-eabi-10.3-2021.10/bin/../lib/gcc/arm-none-eabi/10.3.1/../../../../arm-none-eabi/lib/thumb/v6-m/nofp\libg.a(lib_a-__call_atexit.o) (__libc_fini_array)
d:/gcc-arm-none-eabi-10.3-2021.10-win32/gcc-arm-none-eabi-10.3-2021.10/bin/../lib/gcc/arm-none-eabi/10.3.1/../../../../arm-none-eabi/lib/thumb/v6-m/nofp\libg.a(lib_a-lock.o)
                              d:/gcc-arm-none-eabi-10.3-2021.10-win32/gcc-arm-none-eabi-10.3-2021.10/bin/../lib/gcc/arm-none-eabi/10.3.1/../../../../arm-none-eabi/lib/thumb/v6-m/nofp\libg.a(lib_a-__call_atexit.o) (__retarget_lock_acquire_recursive)
d:/gcc-arm-none-eabi-10.3-2021.10-win32/gcc-arm-none-eabi-10.3-2021.10/bin/../lib/gcc/arm-none-eabi/10.3.1/../../../../arm-none-eabi/lib/thumb/v6-m/nofp\libg.a(lib_a-__atexit.o)
                              d:/gcc-arm-none-eabi-10.3-2021.10-win32/gcc-arm-none-eabi-10.3-2021.10/bin/../lib/gcc/arm-none-eabi/10.3.1/../../../../arm-none-eabi/lib/thumb/v6-m/nofp\libg.a(lib_a-atexit.o) (__register_exitproc)

Discarded input sections

 .text          0x00000000        0x0 d:/gcc-arm-none-eabi-10.3-2021.10-win32/gcc-arm-none-eabi-10.3-2021.10/bin/../lib/gcc/arm-none-eabi/10.3.1/thumb/v6-m/nofp/crti.o
 .data          0x00000000        0x0 d:/gcc-arm-none-eabi-10.3-2021.10-win32/gcc-arm-none-eabi-10.3-2021.10/bin/../lib/gcc/arm-none-eabi/10.3.1/thumb/v6-m/nofp/crti.o
[...]
Memory Configuration

Name             Origin             Length             Attributes
RAM              0x20000000         0x00001000         xrw
FLASH            0x08000000         0x00004000         xr
*default*        0x00000000         0xffffffff

Linker script and memory map

LOAD d:/gcc-arm-none-eabi-10.3-2021.10-win32/gcc-arm-none-eabi-10.3-2021.10/bin/../lib/gcc/arm-none-eabi/10.3.1/thumb/v6-m/nofp/crti.o
LOAD d:/gcc-arm-none-eabi-10.3-2021.10-win32/gcc-arm-none-eabi-10.3-2021.10/bin/../lib/gcc/arm-none-eabi/10.3.1/thumb/v6-m/nofp/crtbegin.o
LOAD d:/gcc-arm-none-eabi-10.3-2021.10-win32/gcc-arm-none-eabi-10.3-2021.10/bin/../lib/gcc/arm-none-eabi/10.3.1/../../../../arm-none-eabi/lib/thumb/v6-m/nofp/crt0.o
LOAD CMakeFiles/untitled.elf.dir/Drivers/STM32F0xx_HAL_Driver/Src/stm32f0xx_hal.c.obj
LOAD CMakeFiles/untitled.elf.dir/Drivers/STM32F0xx_HAL_Driver/Src/stm32f0xx_hal_cortex.c.obj
LOAD CMakeFiles/untitled.elf.dir/Drivers/STM32F0xx_HAL_Driver/Src/stm32f0xx_hal_dma.c.obj
LOAD CMakeFiles/untitled.elf.dir/Drivers/STM32F0xx_HAL_Driver/Src/stm32f0xx_hal_exti.c.obj
LOAD CMakeFiles/untitled.elf.dir/Drivers/STM32F0xx_HAL_Driver/Src/stm32f0xx_hal_flash.c.obj
LOAD CMakeFiles/untitled.elf.dir/Drivers/STM32F0xx_HAL_Driver/Src/stm32f0xx_hal_flash_ex.c.obj
LOAD CMakeFiles/untitled.elf.dir/Drivers/STM32F0xx_HAL_Driver/Src/stm32f0xx_hal_gpio.c.obj
LOAD CMakeFiles/untitled.elf.dir/Drivers/STM32F0xx_HAL_Driver/Src/stm32f0xx_hal_i2c.c.obj
LOAD CMakeFiles/untitled.elf.dir/Drivers/STM32F0xx_HAL_Driver/Src/stm32f0xx_hal_i2c_ex.c.obj
LOAD CMakeFiles/untitled.elf.dir/Drivers/STM32F0xx_HAL_Driver/Src/stm32f0xx_hal_pwr.c.obj
LOAD CMakeFiles/untitled.elf.dir/Drivers/STM32F0xx_HAL_Driver/Src/stm32f0xx_hal_pwr_ex.c.obj
LOAD CMakeFiles/untitled.elf.dir/Drivers/STM32F0xx_HAL_Driver/Src/stm32f0xx_hal_rcc.c.obj
LOAD CMakeFiles/untitled.elf.dir/Drivers/STM32F0xx_HAL_Driver/Src/stm32f0xx_hal_rcc_ex.c.obj
LOAD CMakeFiles/untitled.elf.dir/Drivers/STM32F0xx_HAL_Driver/Src/stm32f0xx_hal_tim.c.obj
LOAD CMakeFiles/untitled.elf.dir/Drivers/STM32F0xx_HAL_Driver/Src/stm32f0xx_hal_tim_ex.c.obj
LOAD CMakeFiles/untitled.elf.dir/Src/main.c.obj
LOAD CMakeFiles/untitled.elf.dir/Src/stm32f0xx_hal_msp.c.obj
LOAD CMakeFiles/untitled.elf.dir/Src/stm32f0xx_it.c.obj
LOAD CMakeFiles/untitled.elf.dir/Src/syscalls.c.obj
LOAD CMakeFiles/untitled.elf.dir/Src/sysmem.c.obj
LOAD CMakeFiles/untitled.elf.dir/Src/system_stm32f0xx.c.obj
LOAD CMakeFiles/untitled.elf.dir/Startup/startup_stm32f030f4px.s.obj
LOAD CMakeFiles/untitled.elf.dir/template/templa.c.obj
START GROUP
LOAD d:/gcc-arm-none-eabi-10.3-2021.10-win32/gcc-arm-none-eabi-10.3-2021.10/bin/../lib/gcc/arm-none-eabi/10.3.1/thumb/v6-m/nofp\libgcc.a
LOAD d:/gcc-arm-none-eabi-10.3-2021.10-win32/gcc-arm-none-eabi-10.3-2021.10/bin/../lib/gcc/arm-none-eabi/10.3.1/../../../../arm-none-eabi/lib/thumb/v6-m/nofp\libg.a
LOAD d:/gcc-arm-none-eabi-10.3-2021.10-win32/gcc-arm-none-eabi-10.3-2021.10/bin/../lib/gcc/arm-none-eabi/10.3.1/../../../../arm-none-eabi/lib/thumb/v6-m/nofp\libc.a
END GROUP
LOAD d:/gcc-arm-none-eabi-10.3-2021.10-win32/gcc-arm-none-eabi-10.3-2021.10/bin/../lib/gcc/arm-none-eabi/10.3.1/thumb/v6-m/nofp/crtend.o
LOAD d:/gcc-arm-none-eabi-10.3-2021.10-win32/gcc-arm-none-eabi-10.3-2021.10/bin/../lib/gcc/arm-none-eabi/10.3.1/thumb/v6-m/nofp/crtn.o
                0x20001000                _estack = (ORIGIN (RAM) + LENGTH (RAM))
                0x00000200                _Min_Heap_Size = 0x200
                0x00000400                _Min_Stack_Size = 0x400

.isr_vector     0x08000000       0xc0
                0x08000000                . = ALIGN (0x4)
 *(.isr_vector)
 .isr_vector    0x08000000       0xc0 CMakeFiles/untitled.elf.dir/Startup/startup_stm32f030f4px.s.obj
                0x08000000                g_pfnVectors
                0x080000c0                . = ALIGN (0x4)

.text           0x080000c0      0xbd0
                0x080000c0                . = ALIGN (0x4)
 *(.text)
 .text          0x080000c0       0x48 d:/gcc-arm-none-eabi-10.3-2021.10-win32/gcc-arm-none-eabi-10.3-2021.10/bin/../lib/gcc/arm-none-eabi/10.3.1/thumb/v6-m/nofp/crtbegin.o
 .text          0x08000108      0x114 d:/gcc-arm-none-eabi-10.3-2021.10-win32/gcc-arm-none-eabi-10.3-2021.10/bin/../lib/gcc/arm-none-eabi/10.3.1/thumb/v6-m/nofp\libgcc.a(_udivsi3.o)
                0x08000108                __aeabi_uidiv
                0x08000108                __udivsi3
                0x08000214                __aeabi_uidivmod
 .text          0x0800021c        0x4 d:/gcc-arm-none-eabi-10.3-2021.10-win32/gcc-arm-none-eabi-10.3-2021.10/bin/../lib/gcc/arm-none-eabi/10.3.1/thumb/v6-m/nofp\libgcc.a(_dvmd_tls.o)
                0x0800021c                __aeabi_idiv0
                0x0800021c                __aeabi_ldiv0
 *(.text*)
 .text.HAL_InitTick
                0x08000220       0x50 CMakeFiles/untitled.elf.dir/Drivers/STM32F0xx_HAL_Driver/Src/stm32f0xx_hal.c.obj
                0x08000220                HAL_InitTick
 .text.HAL_Init
                0x08000270       0x20 CMakeFiles/untitled.elf.dir/Drivers/STM32F0xx_HAL_Driver/Src/stm32f0xx_hal.c.obj
                0x08000270                HAL_Init
 .text.HAL_IncTick
                0x08000290       0x18 CMakeFiles/untitled.elf.dir/Drivers/STM32F0xx_HAL_Driver/Src/stm32f0xx_hal.c.obj
                0x08000290                HAL_IncTick
 .text.HAL_GetTick
                0x080002a8        0xc CMakeFiles/untitled.elf.dir/Drivers/STM32F0xx_HAL_Driver/Src/stm32f0xx_hal.c.obj
                0x080002a8                HAL_GetTick
 .text.HAL_NVIC_SetPriority
                0x080002b4       0x60 CMakeFiles/untitled.elf.dir/Drivers/STM32F0xx_HAL_Driver/Src/stm32f0xx_hal_cortex.c.obj
                0x080002b4                HAL_NVIC_SetPriority
 .text.HAL_SYSTICK_Config
                0x08000314       0x38 CMakeFiles/untitled.elf.dir/Drivers/STM32F0xx_HAL_Driver/Src/stm32f0xx_hal_cortex.c.obj
                0x08000314                HAL_SYSTICK_Config
 .text.HAL_RCC_OscConfig
                0x0800034c      0x49c CMakeFiles/untitled.elf.dir/Drivers/STM32F0xx_HAL_Driver/Src/stm32f0xx_hal_rcc.c.obj
                0x0800034c                HAL_RCC_OscConfig
 .text.HAL_RCC_GetSysClockFreq
                0x080007e8       0x70 CMakeFiles/untitled.elf.dir/Drivers/STM32F0xx_HAL_Driver/Src/stm32f0xx_hal_rcc.c.obj
                0x080007e8                HAL_RCC_GetSysClockFreq
 .text.HAL_RCC_ClockConfig
                0x08000858      0x134 CMakeFiles/untitled.elf.dir/Drivers/STM32F0xx_HAL_Driver/Src/stm32f0xx_hal_rcc.c.obj
                0x08000858                HAL_RCC_ClockConfig
 .text.Error_Handler
                0x0800098c        0x4 CMakeFiles/untitled.elf.dir/Src/main.c.obj
                0x0800098c                Error_Handler
 .text.SystemClock_Config
                0x08000990       0x52 CMakeFiles/untitled.elf.dir/Src/main.c.obj
                0x08000990                SystemClock_Config
 .text.main     0x080009e2        0xc CMakeFiles/untitled.elf.dir/Src/main.c.obj
                0x080009e2                main
 *fill*         0x080009ee        0x2 
 .text.HAL_MspInit
                0x080009f0       0x30 CMakeFiles/untitled.elf.dir/Src/stm32f0xx_hal_msp.c.obj
                0x080009f0                HAL_MspInit
 .text.NMI_Handler
                0x08000a20        0x2 CMakeFiles/untitled.elf.dir/Src/stm32f0xx_it.c.obj
                0x08000a20                NMI_Handler
 .text.HardFault_Handler
                0x08000a22        0x2 CMakeFiles/untitled.elf.dir/Src/stm32f0xx_it.c.obj
                0x08000a22                HardFault_Handler
 .text.SVC_Handler
                0x08000a24        0x2 CMakeFiles/untitled.elf.dir/Src/stm32f0xx_it.c.obj
                0x08000a24                SVC_Handler
 .text.PendSV_Handler
                0x08000a26        0x2 CMakeFiles/untitled.elf.dir/Src/stm32f0xx_it.c.obj
                0x08000a26                PendSV_Handler
 .text.SysTick_Handler
                0x08000a28        0x8 CMakeFiles/untitled.elf.dir/Src/stm32f0xx_it.c.obj
                0x08000a28                SysTick_Handler
 .text.SystemInit
                0x08000a30        0x2 CMakeFiles/untitled.elf.dir/Src/system_stm32f0xx.c.obj
                0x08000a30                SystemInit
 *fill*         0x08000a32        0x2 
 .text.Reset_Handler
                0x08000a34       0x50 CMakeFiles/untitled.elf.dir/Startup/startup_stm32f030f4px.s.obj
                0x08000a34                Reset_Handler
 .text.Default_Handler
                0x08000a84        0x2 CMakeFiles/untitled.elf.dir/Startup/startup_stm32f030f4px.s.obj
                0x08000a84                TIM1_CC_IRQHandler
                0x08000a84                I2C1_IRQHandler
                0x08000a84                SPI1_IRQHandler
                0x08000a84                EXTI2_3_IRQHandler
                0x08000a84                ADC1_IRQHandler
                0x08000a84                TIM17_IRQHandler
                0x08000a84                RTC_IRQHandler
                0x08000a84                TIM16_IRQHandler
                0x08000a84                TIM3_IRQHandler
                0x08000a84                EXTI4_15_IRQHandler
                0x08000a84                RCC_IRQHandler
                0x08000a84                DMA1_Channel1_IRQHandler
                0x08000a84                Default_Handler
                0x08000a84                TIM14_IRQHandler
                0x08000a84                DMA1_Channel4_5_IRQHandler
                0x08000a84                EXTI0_1_IRQHandler
                0x08000a84                WWDG_IRQHandler
                0x08000a84                DMA1_Channel2_3_IRQHandler
                0x08000a84                FLASH_IRQHandler
                0x08000a84                USART1_IRQHandler
                0x08000a84                TIM1_BRK_UP_TRG_COM_IRQHandler
 *fill*         0x08000a86        0x2 
 .text.__libc_init_array
                0x08000a88       0x44 d:/gcc-arm-none-eabi-10.3-2021.10-win32/gcc-arm-none-eabi-10.3-2021.10/bin/../lib/gcc/arm-none-eabi/10.3.1/../../../../arm-none-eabi/lib/thumb/v6-m/nofp\libg.a(lib_a-init.o)
                0x08000a88                __libc_init_array
 .text.memset   0x08000acc       0xa8 d:/gcc-arm-none-eabi-10.3-2021.10-win32/gcc-arm-none-eabi-10.3-2021.10/bin/../lib/gcc/arm-none-eabi/10.3.1/../../../../arm-none-eabi/lib/thumb/v6-m/nofp\libg.a(lib_a-memset.o)
                0x08000acc                memset
 .text.startup.register_fini
                0x08000b74       0x18 d:/gcc-arm-none-eabi-10.3-2021.10-win32/gcc-arm-none-eabi-10.3-2021.10/bin/../lib/gcc/arm-none-eabi/10.3.1/../../../../arm-none-eabi/lib/thumb/v6-m/nofp\libg.a(lib_a-__call_atexit.o)
 .text.atexit   0x08000b8c       0x10 d:/gcc-arm-none-eabi-10.3-2021.10-win32/gcc-arm-none-eabi-10.3-2021.10/bin/../lib/gcc/arm-none-eabi/10.3.1/../../../../arm-none-eabi/lib/thumb/v6-m/nofp\libg.a(lib_a-atexit.o)
                0x08000b8c                atexit
 .text.__libc_fini_array
                0x08000b9c       0x28 d:/gcc-arm-none-eabi-10.3-2021.10-win32/gcc-arm-none-eabi-10.3-2021.10/bin/../lib/gcc/arm-none-eabi/10.3.1/../../../../arm-none-eabi/lib/thumb/v6-m/nofp\libg.a(lib_a-fini.o)
                0x08000b9c                __libc_fini_array
 .text.__retarget_lock_acquire_recursive
                0x08000bc4        0x4 d:/gcc-arm-none-eabi-10.3-2021.10-win32/gcc-arm-none-eabi-10.3-2021.10/bin/../lib/gcc/arm-none-eabi/10.3.1/../../../../arm-none-eabi/lib/thumb/v6-m/nofp\libg.a(lib_a-lock.o)
                0x08000bc4                __retarget_lock_acquire_recursive
 .text.__retarget_lock_release_recursive
                0x08000bc8        0x4 d:/gcc-arm-none-eabi-10.3-2021.10-win32/gcc-arm-none-eabi-10.3-2021.10/bin/../lib/gcc/arm-none-eabi/10.3.1/../../../../arm-none-eabi/lib/thumb/v6-m/nofp\libg.a(lib_a-lock.o)
                0x08000bc8                __retarget_lock_release_recursive
 .text.__register_exitproc
                0x08000bcc       0xac d:/gcc-arm-none-eabi-10.3-2021.10-win32/gcc-arm-none-eabi-10.3-2021.10/bin/../lib/gcc/arm-none-eabi/10.3.1/../../../../arm-none-eabi/lib/thumb/v6-m/nofp\libg.a(lib_a-__atexit.o)
                0x08000bcc                __register_exitproc
 *(.glue_7)
 .glue_7        0x08000c78        0x0 linker stubs
 *(.glue_7t)
 .glue_7t       0x08000c78        0x0 linker stubs
 *(.eh_frame)
 .eh_frame      0x08000c78        0x0 d:/gcc-arm-none-eabi-10.3-2021.10-win32/gcc-arm-none-eabi-10.3-2021.10/bin/../lib/gcc/arm-none-eabi/10.3.1/thumb/v6-m/nofp/crtbegin.o
 *(.init)
 .init          0x08000c78        0x4 d:/gcc-arm-none-eabi-10.3-2021.10-win32/gcc-arm-none-eabi-10.3-2021.10/bin/../lib/gcc/arm-none-eabi/10.3.1/thumb/v6-m/nofp/crti.o
                0x08000c78                _init
 .init          0x08000c7c        0x8 d:/gcc-arm-none-eabi-10.3-2021.10-win32/gcc-arm-none-eabi-10.3-2021.10/bin/../lib/gcc/arm-none-eabi/10.3.1/thumb/v6-m/nofp/crtn.o
 *(.fini)
 .fini          0x08000c84        0x4 d:/gcc-arm-none-eabi-10.3-2021.10-win32/gcc-arm-none-eabi-10.3-2021.10/bin/../lib/gcc/arm-none-eabi/10.3.1/thumb/v6-m/nofp/crti.o
                0x08000c84                _fini
 .fini          0x08000c88        0x8 d:/gcc-arm-none-eabi-10.3-2021.10-win32/gcc-arm-none-eabi-10.3-2021.10/bin/../lib/gcc/arm-none-eabi/10.3.1/thumb/v6-m/nofp/crtn.o
                0x08000c90                . = ALIGN (0x4)
                0x08000c90                _etext = .

.vfp11_veneer   0x08000c90        0x0
 .vfp11_veneer  0x08000c90        0x0 linker stubs

.v4_bx          0x08000c90        0x0
 .v4_bx         0x08000c90        0x0 linker stubs

.iplt           0x08000c90        0x0
 .iplt          0x08000c90        0x0 d:/gcc-arm-none-eabi-10.3-2021.10-win32/gcc-arm-none-eabi-10.3-2021.10/bin/../lib/gcc/arm-none-eabi/10.3.1/thumb/v6-m/nofp/crtbegin.o

.rodata         0x08000c90       0x3c
                0x08000c90                . = ALIGN (0x4)
 *(.rodata)
 *(.rodata*)
 .rodata.HAL_RCC_GetSysClockFreq.str1.4
                0x08000c90       0x25 CMakeFiles/untitled.elf.dir/Drivers/STM32F0xx_HAL_Driver/Src/stm32f0xx_hal_rcc.c.obj
 *fill*         0x08000cb5        0x3 
 .rodata.AHBPrescTable
                0x08000cb8       0x10 CMakeFiles/untitled.elf.dir/Src/system_stm32f0xx.c.obj
                0x08000cb8                AHBPrescTable
 .rodata._global_impure_ptr
                0x08000cc8        0x4 d:/gcc-arm-none-eabi-10.3-2021.10-win32/gcc-arm-none-eabi-10.3-2021.10/bin/../lib/gcc/arm-none-eabi/10.3.1/../../../../arm-none-eabi/lib/thumb/v6-m/nofp\libg.a(lib_a-impure.o)
                0x08000cc8                _global_impure_ptr
                0x08000ccc                . = ALIGN (0x4)

.rel.dyn        0x08000ccc        0x0
 .rel.iplt      0x08000ccc        0x0 d:/gcc-arm-none-eabi-10.3-2021.10-win32/gcc-arm-none-eabi-10.3-2021.10/bin/../lib/gcc/arm-none-eabi/10.3.1/thumb/v6-m/nofp/crtbegin.o

.ARM.extab      0x08000ccc        0x0
                0x08000ccc                . = ALIGN (0x4)
 *(.ARM.extab* .gnu.linkonce.armextab.*)
                0x08000ccc                . = ALIGN (0x4)

.ARM            0x08000ccc        0x0
                0x08000ccc                . = ALIGN (0x4)
                0x08000ccc                __exidx_start = .
 *(.ARM.exidx*)
                0x08000ccc                __exidx_end = .
                0x08000ccc                . = ALIGN (0x4)

.preinit_array  0x08000ccc        0x0
                0x08000ccc                . = ALIGN (0x4)
                0x08000ccc                PROVIDE (__preinit_array_start = .)
 *(.preinit_array*)
                0x08000ccc                PROVIDE (__preinit_array_end = .)
                0x08000ccc                . = ALIGN (0x4)

.init_array     0x08000ccc        0x8
                0x08000ccc                . = ALIGN (0x4)
                0x08000ccc                PROVIDE (__init_array_start = .)
 *(SORT_BY_NAME(.init_array.*))
 .init_array.00000
                0x08000ccc        0x4 d:/gcc-arm-none-eabi-10.3-2021.10-win32/gcc-arm-none-eabi-10.3-2021.10/bin/../lib/gcc/arm-none-eabi/10.3.1/../../../../arm-none-eabi/lib/thumb/v6-m/nofp\libg.a(lib_a-__call_atexit.o)
 *(.init_array*)
 .init_array    0x08000cd0        0x4 d:/gcc-arm-none-eabi-10.3-2021.10-win32/gcc-arm-none-eabi-10.3-2021.10/bin/../lib/gcc/arm-none-eabi/10.3.1/thumb/v6-m/nofp/crtbegin.o
                0x08000cd4                PROVIDE (__init_array_end = .)
                0x08000cd4                . = ALIGN (0x4)

.fini_array     0x08000cd4        0x4
                0x08000cd4                . = ALIGN (0x4)
                0x08000cd4                PROVIDE (__fini_array_start = .)
 *(SORT_BY_NAME(.fini_array.*))
 *(.fini_array*)
 .fini_array    0x08000cd4        0x4 d:/gcc-arm-none-eabi-10.3-2021.10-win32/gcc-arm-none-eabi-10.3-2021.10/bin/../lib/gcc/arm-none-eabi/10.3.1/thumb/v6-m/nofp/crtbegin.o
                0x08000cd8                PROVIDE (__fini_array_end = .)
                0x08000cd8                . = ALIGN (0x4)
                0x08000cd8                _sidata = LOADADDR (.data)

.data           0x20000000      0x43c load address 0x08000cd8
                0x20000000                . = ALIGN (0x4)
                0x20000000                _sdata = .
 *(.data)
 *(.data*)
 .data.uwTickFreq
                0x20000000        0x1 CMakeFiles/untitled.elf.dir/Drivers/STM32F0xx_HAL_Driver/Src/stm32f0xx_hal.c.obj
                0x20000000                uwTickFreq
 *fill*         0x20000001        0x3 
 .data.uwTickPrio
                0x20000004        0x4 CMakeFiles/untitled.elf.dir/Drivers/STM32F0xx_HAL_Driver/Src/stm32f0xx_hal.c.obj
                0x20000004                uwTickPrio
 .data.SystemCoreClock
                0x20000008        0x4 CMakeFiles/untitled.elf.dir/Src/system_stm32f0xx.c.obj
                0x20000008                SystemCoreClock
 *fill*         0x2000000c        0x4 
 .data.impure_data
                0x20000010      0x428 d:/gcc-arm-none-eabi-10.3-2021.10-win32/gcc-arm-none-eabi-10.3-2021.10/bin/../lib/gcc/arm-none-eabi/10.3.1/../../../../arm-none-eabi/lib/thumb/v6-m/nofp\libg.a(lib_a-impure.o)
 .data.__atexit_recursive_mutex
                0x20000438        0x4 d:/gcc-arm-none-eabi-10.3-2021.10-win32/gcc-arm-none-eabi-10.3-2021.10/bin/../lib/gcc/arm-none-eabi/10.3.1/../../../../arm-none-eabi/lib/thumb/v6-m/nofp\libg.a(lib_a-__call_atexit.o)
                0x20000438                __atexit_recursive_mutex
 *(.RamFunc)
 *(.RamFunc*)
                0x2000043c                . = ALIGN (0x4)
                0x2000043c                _edata = .

.igot.plt       0x2000043c        0x0 load address 0x08001114
 .igot.plt      0x2000043c        0x0 d:/gcc-arm-none-eabi-10.3-2021.10-win32/gcc-arm-none-eabi-10.3-2021.10/bin/../lib/gcc/arm-none-eabi/10.3.1/thumb/v6-m/nofp/crtbegin.o
                0x2000043c                . = ALIGN (0x4)

.bss            0x2000043c       0x24 load address 0x08001114
                0x2000043c                _sbss = .
                0x2000043c                __bss_start__ = _sbss
 *(.bss)
 .bss           0x2000043c       0x1c d:/gcc-arm-none-eabi-10.3-2021.10-win32/gcc-arm-none-eabi-10.3-2021.10/bin/../lib/gcc/arm-none-eabi/10.3.1/thumb/v6-m/nofp/crtbegin.o
 *(.bss*)
 .bss.uwTick    0x20000458        0x4 CMakeFiles/untitled.elf.dir/Drivers/STM32F0xx_HAL_Driver/Src/stm32f0xx_hal.c.obj
                0x20000458                uwTick
 .bss.__lock___atexit_recursive_mutex
                0x2000045c        0x1 d:/gcc-arm-none-eabi-10.3-2021.10-win32/gcc-arm-none-eabi-10.3-2021.10/bin/../lib/gcc/arm-none-eabi/10.3.1/../../../../arm-none-eabi/lib/thumb/v6-m/nofp\libg.a(lib_a-lock.o)
                0x2000045c                __lock___atexit_recursive_mutex
 *(COMMON)
                0x20000460                . = ALIGN (0x4)
 *fill*         0x2000045d        0x3 
                0x20000460                _ebss = .
                0x20000460                __bss_end__ = _ebss

._user_heap_stack
                0x20000460      0x600 load address 0x08001114
                0x20000460                . = ALIGN (0x8)
                [!provide]                PROVIDE (end = .)
                0x20000460                PROVIDE (_end = .)
                0x20000660                . = (. + _Min_Heap_Size)
 *fill*         0x20000460      0x200 
                0x20000a60                . = (. + _Min_Stack_Size)
 *fill*         0x20000660      0x400 
                0x20000a60                . = ALIGN (0x8)

/DISCARD/
 libc.a(*)
 libm.a(*)
 libgcc.a(*)

.ARM.attributes
                0x00000000       0x28
 *(.ARM.attributes)
 .ARM.attributes
                0x00000000       0x1e d:/gcc-arm-none-eabi-10.3-2021.10-win32/gcc-arm-none-eabi-10.3-2021.10/bin/../lib/gcc/arm-none-eabi/10.3.1/thumb/v6-m/nofp/crti.o
 .ARM.attributes
                0x0000001e       0x2c d:/gcc-arm-none-eabi-10.3-2021.10-win32/gcc-arm-none-eabi-10.3-2021.10/bin/../lib/gcc/arm-none-eabi/10.3.1/thumb/v6-m/nofp/crtbegin.o
 .ARM.attributes
                0x0000004a       0x2c CMakeFiles/untitled.elf.dir/Drivers/STM32F0xx_HAL_Driver/Src/stm32f0xx_hal.c.obj
 .ARM.attributes
                0x00000076       0x2c CMakeFiles/untitled.elf.dir/Drivers/STM32F0xx_HAL_Driver/Src/stm32f0xx_hal_cortex.c.obj
 .ARM.attributes
                0x000000a2       0x2c CMakeFiles/untitled.elf.dir/Drivers/STM32F0xx_HAL_Driver/Src/stm32f0xx_hal_rcc.c.obj
 .ARM.attributes
                0x000000ce       0x2c CMakeFiles/untitled.elf.dir/Src/main.c.obj
 .ARM.attributes
                0x000000fa       0x2c CMakeFiles/untitled.elf.dir/Src/stm32f0xx_hal_msp.c.obj
 .ARM.attributes
                0x00000126       0x2c CMakeFiles/untitled.elf.dir/Src/stm32f0xx_it.c.obj
 .ARM.attributes
                0x00000152       0x2c CMakeFiles/untitled.elf.dir/Src/system_stm32f0xx.c.obj
 .ARM.attributes
                0x0000017e       0x21 CMakeFiles/untitled.elf.dir/Startup/startup_stm32f030f4px.s.obj
 .ARM.attributes
                0x0000019f       0x1e d:/gcc-arm-none-eabi-10.3-2021.10-win32/gcc-arm-none-eabi-10.3-2021.10/bin/../lib/gcc/arm-none-eabi/10.3.1/thumb/v6-m/nofp\libgcc.a(_udivsi3.o)
 .ARM.attributes
                0x000001bd       0x1e d:/gcc-arm-none-eabi-10.3-2021.10-win32/gcc-arm-none-eabi-10.3-2021.10/bin/../lib/gcc/arm-none-eabi/10.3.1/thumb/v6-m/nofp\libgcc.a(_dvmd_tls.o)
 .ARM.attributes
                0x000001db       0x2c d:/gcc-arm-none-eabi-10.3-2021.10-win32/gcc-arm-none-eabi-10.3-2021.10/bin/../lib/gcc/arm-none-eabi/10.3.1/../../../../arm-none-eabi/lib/thumb/v6-m/nofp\libg.a(lib_a-impure.o)
 .ARM.attributes
                0x00000207       0x2c d:/gcc-arm-none-eabi-10.3-2021.10-win32/gcc-arm-none-eabi-10.3-2021.10/bin/../lib/gcc/arm-none-eabi/10.3.1/../../../../arm-none-eabi/lib/thumb/v6-m/nofp\libg.a(lib_a-init.o)
 .ARM.attributes
                0x00000233       0x2c d:/gcc-arm-none-eabi-10.3-2021.10-win32/gcc-arm-none-eabi-10.3-2021.10/bin/../lib/gcc/arm-none-eabi/10.3.1/../../../../arm-none-eabi/lib/thumb/v6-m/nofp\libg.a(lib_a-memset.o)
 .ARM.attributes
                0x0000025f       0x2c d:/gcc-arm-none-eabi-10.3-2021.10-win32/gcc-arm-none-eabi-10.3-2021.10/bin/../lib/gcc/arm-none-eabi/10.3.1/../../../../arm-none-eabi/lib/thumb/v6-m/nofp\libg.a(lib_a-__call_atexit.o)
 .ARM.attributes
                0x0000028b       0x2c d:/gcc-arm-none-eabi-10.3-2021.10-win32/gcc-arm-none-eabi-10.3-2021.10/bin/../lib/gcc/arm-none-eabi/10.3.1/../../../../arm-none-eabi/lib/thumb/v6-m/nofp\libg.a(lib_a-atexit.o)
 .ARM.attributes
                0x000002b7       0x2c d:/gcc-arm-none-eabi-10.3-2021.10-win32/gcc-arm-none-eabi-10.3-2021.10/bin/../lib/gcc/arm-none-eabi/10.3.1/../../../../arm-none-eabi/lib/thumb/v6-m/nofp\libg.a(lib_a-fini.o)
 .ARM.attributes
                0x000002e3       0x2c d:/gcc-arm-none-eabi-10.3-2021.10-win32/gcc-arm-none-eabi-10.3-2021.10/bin/../lib/gcc/arm-none-eabi/10.3.1/../../../../arm-none-eabi/lib/thumb/v6-m/nofp\libg.a(lib_a-lock.o)
 .ARM.attributes
                0x0000030f       0x2c d:/gcc-arm-none-eabi-10.3-2021.10-win32/gcc-arm-none-eabi-10.3-2021.10/bin/../lib/gcc/arm-none-eabi/10.3.1/../../../../arm-none-eabi/lib/thumb/v6-m/nofp\libg.a(lib_a-__atexit.o)
 .ARM.attributes
                0x0000033b       0x1e d:/gcc-arm-none-eabi-10.3-2021.10-win32/gcc-arm-none-eabi-10.3-2021.10/bin/../lib/gcc/arm-none-eabi/10.3.1/thumb/v6-m/nofp/crtn.o
OUTPUT(untitled.elf elf32-littlearm)
LOAD linker stubs
LOAD d:/gcc-arm-none-eabi-10.3-2021.10-win32/gcc-arm-none-eabi-10.3-2021.10/bin/../lib/gcc/arm-none-eabi/10.3.1/../../../../arm-none-eabi/lib/thumb/v6-m/nofp\libc.a
LOAD d:/gcc-arm-none-eabi-10.3-2021.10-win32/gcc-arm-none-eabi-10.3-2021.10/bin/../lib/gcc/arm-none-eabi/10.3.1/../../../../arm-none-eabi/lib/thumb/v6-m/nofp\libm.a
LOAD d:/gcc-arm-none-eabi-10.3-2021.10-win32/gcc-arm-none-eabi-10.3-2021.10/bin/../lib/gcc/arm-none-eabi/10.3.1/thumb/v6-m/nofp\libgcc.a

.debug_info     0x00000000     0x21fa
 .debug_info    0x00000000      0x719 CMakeFiles/untitled.elf.dir/Drivers/STM32F0xx_HAL_Driver/Src/stm32f0xx_hal.c.obj
 .debug_info    0x00000719      0x81c CMakeFiles/untitled.elf.dir/Drivers/STM32F0xx_HAL_Driver/Src/stm32f0xx_hal_cortex.c.obj
 .debug_info    0x00000f35      0xa61 CMakeFiles/untitled.elf.dir/Drivers/STM32F0xx_HAL_Driver/Src/stm32f0xx_hal_rcc.c.obj
 .debug_info    0x00001996      0x31b CMakeFiles/untitled.elf.dir/Src/main.c.obj
 .debug_info    0x00001cb1      0x1b4 CMakeFiles/untitled.elf.dir/Src/stm32f0xx_hal_msp.c.obj
 .debug_info    0x00001e65       0xe8 CMakeFiles/untitled.elf.dir/Src/stm32f0xx_it.c.obj
 .debug_info    0x00001f4d      0x28b CMakeFiles/untitled.elf.dir/Src/system_stm32f0xx.c.obj
 .debug_info    0x000021d8       0x22 CMakeFiles/untitled.elf.dir/Startup/startup_stm32f030f4px.s.obj

.debug_abbrev   0x00000000      0xb18
 .debug_abbrev  0x00000000      0x245 CMakeFiles/untitled.elf.dir/Drivers/STM32F0xx_HAL_Driver/Src/stm32f0xx_hal.c.obj
 .debug_abbrev  0x00000245      0x293 CMakeFiles/untitled.elf.dir/Drivers/STM32F0xx_HAL_Driver/Src/stm32f0xx_hal_cortex.c.obj
 .debug_abbrev  0x000004d8      0x260 CMakeFiles/untitled.elf.dir/Drivers/STM32F0xx_HAL_Driver/Src/stm32f0xx_hal_rcc.c.obj
 .debug_abbrev  0x00000738      0x160 CMakeFiles/untitled.elf.dir/Src/main.c.obj
 .debug_abbrev  0x00000898       0xbf CMakeFiles/untitled.elf.dir/Src/stm32f0xx_hal_msp.c.obj
 .debug_abbrev  0x00000957       0x7e CMakeFiles/untitled.elf.dir/Src/stm32f0xx_it.c.obj
 .debug_abbrev  0x000009d5      0x131 CMakeFiles/untitled.elf.dir/Src/system_stm32f0xx.c.obj
 .debug_abbrev  0x00000b06       0x12 CMakeFiles/untitled.elf.dir/Startup/startup_stm32f030f4px.s.obj

.debug_loc      0x00000000      0xcef
 .debug_loc     0x00000000      0x141 CMakeFiles/untitled.elf.dir/Drivers/STM32F0xx_HAL_Driver/Src/stm32f0xx_hal.c.obj
 .debug_loc     0x00000141      0x433 CMakeFiles/untitled.elf.dir/Drivers/STM32F0xx_HAL_Driver/Src/stm32f0xx_hal_cortex.c.obj
 .debug_loc     0x00000574      0x614 CMakeFiles/untitled.elf.dir/Drivers/STM32F0xx_HAL_Driver/Src/stm32f0xx_hal_rcc.c.obj
 .debug_loc     0x00000b88      0x167 CMakeFiles/untitled.elf.dir/Src/system_stm32f0xx.c.obj

.debug_aranges  0x00000000      0x2a8
 .debug_aranges
                0x00000000       0xd0 CMakeFiles/untitled.elf.dir/Drivers/STM32F0xx_HAL_Driver/Src/stm32f0xx_hal.c.obj
 .debug_aranges
                0x000000d0       0x78 CMakeFiles/untitled.elf.dir/Drivers/STM32F0xx_HAL_Driver/Src/stm32f0xx_hal_cortex.c.obj
 .debug_aranges
                0x00000148       0x80 CMakeFiles/untitled.elf.dir/Drivers/STM32F0xx_HAL_Driver/Src/stm32f0xx_hal_rcc.c.obj
 .debug_aranges
                0x000001c8       0x30 CMakeFiles/untitled.elf.dir/Src/main.c.obj
 .debug_aranges
                0x000001f8       0x20 CMakeFiles/untitled.elf.dir/Src/stm32f0xx_hal_msp.c.obj
 .debug_aranges
                0x00000218       0x40 CMakeFiles/untitled.elf.dir/Src/stm32f0xx_it.c.obj
 .debug_aranges
                0x00000258       0x28 CMakeFiles/untitled.elf.dir/Src/system_stm32f0xx.c.obj
 .debug_aranges
                0x00000280       0x28 CMakeFiles/untitled.elf.dir/Startup/startup_stm32f030f4px.s.obj

.debug_ranges   0x00000000      0x2a8
 .debug_ranges  0x00000000       0xc0 CMakeFiles/untitled.elf.dir/Drivers/STM32F0xx_HAL_Driver/Src/stm32f0xx_hal.c.obj
 .debug_ranges  0x000000c0       0xc8 CMakeFiles/untitled.elf.dir/Drivers/STM32F0xx_HAL_Driver/Src/stm32f0xx_hal_cortex.c.obj
 .debug_ranges  0x00000188       0x88 CMakeFiles/untitled.elf.dir/Drivers/STM32F0xx_HAL_Driver/Src/stm32f0xx_hal_rcc.c.obj
 .debug_ranges  0x00000210       0x20 CMakeFiles/untitled.elf.dir/Src/main.c.obj
 .debug_ranges  0x00000230       0x10 CMakeFiles/untitled.elf.dir/Src/stm32f0xx_hal_msp.c.obj
 .debug_ranges  0x00000240       0x30 CMakeFiles/untitled.elf.dir/Src/stm32f0xx_it.c.obj
 .debug_ranges  0x00000270       0x18 CMakeFiles/untitled.elf.dir/Src/system_stm32f0xx.c.obj
 .debug_ranges  0x00000288       0x20 CMakeFiles/untitled.elf.dir/Startup/startup_stm32f030f4px.s.obj

.debug_line     0x00000000     0x1f2a
 .debug_line    0x00000000      0x578 CMakeFiles/untitled.elf.dir/Drivers/STM32F0xx_HAL_Driver/Src/stm32f0xx_hal.c.obj
 .debug_line    0x00000578      0x56d CMakeFiles/untitled.elf.dir/Drivers/STM32F0xx_HAL_Driver/Src/stm32f0xx_hal_cortex.c.obj
 .debug_line    0x00000ae5      0xbbe CMakeFiles/untitled.elf.dir/Drivers/STM32F0xx_HAL_Driver/Src/stm32f0xx_hal_rcc.c.obj
 .debug_line    0x000016a3      0x2c2 CMakeFiles/untitled.elf.dir/Src/main.c.obj
 .debug_line    0x00001965      0x1ab CMakeFiles/untitled.elf.dir/Src/stm32f0xx_hal_msp.c.obj
 .debug_line    0x00001b10      0x11e CMakeFiles/untitled.elf.dir/Src/stm32f0xx_it.c.obj
 .debug_line    0x00001c2e      0x264 CMakeFiles/untitled.elf.dir/Src/system_stm32f0xx.c.obj
 .debug_line    0x00001e92       0x98 CMakeFiles/untitled.elf.dir/Startup/startup_stm32f030f4px.s.obj

.debug_str      0x00000000      0xe7e
 .debug_str     0x00000000      0x64b CMakeFiles/untitled.elf.dir/Drivers/STM32F0xx_HAL_Driver/Src/stm32f0xx_hal.c.obj
                                0x698 (size before relaxing)
 .debug_str     0x0000064b      0x2a9 CMakeFiles/untitled.elf.dir/Drivers/STM32F0xx_HAL_Driver/Src/stm32f0xx_hal_cortex.c.obj
                                0x5e3 (size before relaxing)
 .debug_str     0x000008f4      0x3ce CMakeFiles/untitled.elf.dir/Drivers/STM32F0xx_HAL_Driver/Src/stm32f0xx_hal_rcc.c.obj
                                0x688 (size before relaxing)
 .debug_str     0x00000cc2       0x67 CMakeFiles/untitled.elf.dir/Src/main.c.obj
                                0x36f (size before relaxing)
 .debug_str     0x00000d29       0x2f CMakeFiles/untitled.elf.dir/Src/stm32f0xx_hal_msp.c.obj
                                0x227 (size before relaxing)
 .debug_str     0x00000d58       0x73 CMakeFiles/untitled.elf.dir/Src/stm32f0xx_it.c.obj
                                0x1fd (size before relaxing)
 .debug_str     0x00000dcb       0x6e CMakeFiles/untitled.elf.dir/Src/system_stm32f0xx.c.obj
                                0x29f (size before relaxing)
 .debug_str     0x00000e39       0x45 CMakeFiles/untitled.elf.dir/Startup/startup_stm32f030f4px.s.obj
                                 0x6e (size before relaxing)

.comment        0x00000000       0x49
 .comment       0x00000000       0x49 CMakeFiles/untitled.elf.dir/Drivers/STM32F0xx_HAL_Driver/Src/stm32f0xx_hal.c.obj
                                 0x4a (size before relaxing)
 .comment       0x00000049       0x4a CMakeFiles/untitled.elf.dir/Drivers/STM32F0xx_HAL_Driver/Src/stm32f0xx_hal_cortex.c.obj
 .comment       0x00000049       0x4a CMakeFiles/untitled.elf.dir/Drivers/STM32F0xx_HAL_Driver/Src/stm32f0xx_hal_rcc.c.obj
 .comment       0x00000049       0x4a CMakeFiles/untitled.elf.dir/Src/main.c.obj
 .comment       0x00000049       0x4a CMakeFiles/untitled.elf.dir/Src/stm32f0xx_hal_msp.c.obj
 .comment       0x00000049       0x4a CMakeFiles/untitled.elf.dir/Src/stm32f0xx_it.c.obj
 .comment       0x00000049       0x4a CMakeFiles/untitled.elf.dir/Src/system_stm32f0xx.c.obj

.debug_frame    0x00000000      0x6f0
 .debug_frame   0x00000000      0x1ac CMakeFiles/untitled.elf.dir/Drivers/STM32F0xx_HAL_Driver/Src/stm32f0xx_hal.c.obj
 .debug_frame   0x000001ac       0xe4 CMakeFiles/untitled.elf.dir/Drivers/STM32F0xx_HAL_Driver/Src/stm32f0xx_hal_cortex.c.obj
 .debug_frame   0x00000290      0x13c CMakeFiles/untitled.elf.dir/Drivers/STM32F0xx_HAL_Driver/Src/stm32f0xx_hal_rcc.c.obj
 .debug_frame   0x000003cc       0x50 CMakeFiles/untitled.elf.dir/Src/main.c.obj
 .debug_frame   0x0000041c       0x24 CMakeFiles/untitled.elf.dir/Src/stm32f0xx_hal_msp.c.obj
 .debug_frame   0x00000440       0x68 CMakeFiles/untitled.elf.dir/Src/stm32f0xx_it.c.obj
 .debug_frame   0x000004a8       0x38 CMakeFiles/untitled.elf.dir/Src/system_stm32f0xx.c.obj
 .debug_frame   0x000004e0       0x20 d:/gcc-arm-none-eabi-10.3-2021.10-win32/gcc-arm-none-eabi-10.3-2021.10/bin/../lib/gcc/arm-none-eabi/10.3.1/thumb/v6-m/nofp\libgcc.a(_udivsi3.o)
 .debug_frame   0x00000500       0x2c d:/gcc-arm-none-eabi-10.3-2021.10-win32/gcc-arm-none-eabi-10.3-2021.10/bin/../lib/gcc/arm-none-eabi/10.3.1/../../../../arm-none-eabi/lib/thumb/v6-m/nofp\libg.a(lib_a-init.o)
 .debug_frame   0x0000052c       0x30 d:/gcc-arm-none-eabi-10.3-2021.10-win32/gcc-arm-none-eabi-10.3-2021.10/bin/../lib/gcc/arm-none-eabi/10.3.1/../../../../arm-none-eabi/lib/thumb/v6-m/nofp\libg.a(lib_a-memset.o)
 .debug_frame   0x0000055c       0x54 d:/gcc-arm-none-eabi-10.3-2021.10-win32/gcc-arm-none-eabi-10.3-2021.10/bin/../lib/gcc/arm-none-eabi/10.3.1/../../../../arm-none-eabi/lib/thumb/v6-m/nofp\libg.a(lib_a-__call_atexit.o)
 .debug_frame   0x000005b0       0x28 d:/gcc-arm-none-eabi-10.3-2021.10-win32/gcc-arm-none-eabi-10.3-2021.10/bin/../lib/gcc/arm-none-eabi/10.3.1/../../../../arm-none-eabi/lib/thumb/v6-m/nofp\libg.a(lib_a-atexit.o)
 .debug_frame   0x000005d8       0x2c d:/gcc-arm-none-eabi-10.3-2021.10-win32/gcc-arm-none-eabi-10.3-2021.10/bin/../lib/gcc/arm-none-eabi/10.3.1/../../../../arm-none-eabi/lib/thumb/v6-m/nofp\libg.a(lib_a-fini.o)
 .debug_frame   0x00000604       0xb0 d:/gcc-arm-none-eabi-10.3-2021.10-win32/gcc-arm-none-eabi-10.3-2021.10/bin/../lib/gcc/arm-none-eabi/10.3.1/../../../../arm-none-eabi/lib/thumb/v6-m/nofp\libg.a(lib_a-lock.o)
 .debug_frame   0x000006b4       0x3c d:/gcc-arm-none-eabi-10.3-2021.10-win32/gcc-arm-none-eabi-10.3-2021.10/bin/../lib/gcc/arm-none-eabi/10.3.1/../../../../arm-none-eabi/lib/thumb/v6-m/nofp\libg.a(lib_a-__atexit.o)
